seed:999
model_params:27067484
world_size:8 grad_accum_steps:1
train_batch_tokens:786432 train_seq_len:2048 iterations:20000 warmup_steps:20 max_wallclock_seconds:600.000
step:0/20000 val_loss:6.9301 val_bpb:4.1044 train_time:0ms step_avg:0.01ms
step:500/20000 train_loss:2.3977 train_time:42969ms step_avg:85.94ms
step:1000/20000 train_loss:2.2602 train_time:86149ms step_avg:86.15ms
step:1500/20000 train_loss:2.2054 train_time:129332ms step_avg:86.22ms
step:2000/20000 train_loss:2.0471 train_time:172530ms step_avg:86.27ms
step:2500/20000 train_loss:2.1523 train_time:215751ms step_avg:86.30ms
step:3000/20000 train_loss:2.1418 train_time:258930ms step_avg:86.31ms
step:3500/20000 train_loss:2.1530 train_time:302080ms step_avg:86.31ms
step:4000/20000 train_loss:1.9437 train_time:345182ms step_avg:86.30ms
step:4000/20000 val_loss:2.0361 val_bpb:1.2059 train_time:345235ms step_avg:86.31ms
step:4500/20000 train_loss:2.0989 train_time:388309ms step_avg:86.29ms
step:5000/20000 train_loss:2.0783 train_time:431454ms step_avg:86.29ms
step:5500/20000 train_loss:1.9984 train_time:474572ms step_avg:86.29ms
step:6000/20000 train_loss:1.9221 train_time:517688ms step_avg:86.28ms
swa:start step:6200
late_qat:enabled step:6351 scale:0.1499
step:6500/20000 train_loss:2.0656 train_time:561216ms step_avg:86.34ms
step:6944/20000 val_loss:1.9171 val_bpb:1.1354 train_time:600103ms step_avg:86.42ms
stopping_early: wallclock_cap train_time:600103ms step:6944/20000
peak memory allocated: 22847 MiB reserved: 22894 MiB
ema:applying EMA weights
DIAGNOSTIC post_ema val_loss:1.9155 val_bpb:1.1344 eval_time:2062ms
Serialized model: 106289590 bytes
Code size: 106423 bytes
gptq:bit allocation: {'int6': 33, 'int7': 14, 'int5': 19, 'int8': 3}
selective_prune: 4092431 candidates, unpruned=15.51MB target=15.1MB
selective_prune: full prune=14.39MB
selective_prune: interpolated 1638109/4092431 (40.0%)
Serialized model int6+lzma: 15685180 bytes
Total submission size int6+lzma: 15791603 bytes
final_int6_roundtrip val_loss:1.9285 val_bpb:1.1422 eval_time:6818ms
final_int6_roundtrip_exact val_loss:1.92849973 val_bpb:1.14216616
final_int6_sliding_window val_loss:1.8888 val_bpb:1.1187 stride:64 eval_time:77441ms
final_int6_sliding_window_exact val_loss:1.88881873 val_bpb:1.11866781
